anticodon	table:qual_str;	value:str:(pos:<location>,aa:<aa>);	ff:{0};	def:dummy
bound_moiety	table:qual_str;	value:str;	ff:"{0}";	def:dummy
cell_line	table:qual_str;	value:str;	ff:"{0}";	def:dummy
cell_type	table:qual_str;	value:str;	ff:"{0}";	def:dummy
chromosome	table:qual_str;	value:str;	ff:"{0}";	def:dummy
citation	table:qual_int;	value:int:1:-1;	ff:[{0,number, integer}];	def:dummy
clone	table:qual_str;	value:str;	ff:"{0}";	def:dummy
codon_start	table:qual_int;	value:int:1:3;	ff:{0,number, integer};	def:dummy
cultivar	table:qual_str;	value:str;	ff:"{0}";	def:dummy
dev_stage	table:qual_str;	value:str;	ff:"{0}";	def:dummy
direction	table:qual_str;	value:list;	ff:{0};	def:dummy
EC_number	table:qual_str;	value:str;	ff:"{0}";	def:dummy
frequency	table:qual_str;	value:str;	ff:"{0}";	def:dummy
function	table:qual_str;	value:str;	ff:"{0}";	def:dummy
gene	table:qual_str;	value:str;	ff:"{0}";	def:dummy
germline	table:qual_phi;	value:none;	----	def:dummy
haplotype	table:qual_str;	value:str;	ff:"{0}";	def:dummy
isolate	table:qual_str;	value:str;	ff:"{0}";	def:dummy
lab_host	table:qual_str;	value:str;	ff:"{0}";	def:dummy
map	table:qual_str;	value:str;	ff:"{0}";	def:dummy
macronuclear	table:qual_phi;	value:none;	----	def:dummy
mod_base	table:qual_str;	value:list;	ff:{0};	def:dummy
note	table:qual_str;	value:str;	ff:"{0}";	def:dummy
number	table:qual_str;	value:str;	ff:{0};	def:dummy
organism	table:qual_str;	value:str;	ff:"{0}";	def:dummy
PCR_conditions	table:qual_str;	value:str;	ff:"{0}";	def:dummy
phenotype	table:qual_str;	value:str;	ff:"{0}";	def:dummy
plasmid	table:qual_str;	value:str;	ff:"{0}";	def:dummy
product	table:qual_str;	value:str;	ff:"{0}";	def:dummy
proviral	table:qual_phi;	value:none;	----	def:dummy
pseudo	table:qual_phi;	value:none;	----	def:dummy
rearranged	table:qual_phi;	value:none;	----	def:dummy
rpt_family	table:qual_str;	value:str;	ff:"{0}";	def:dummy
rpt_type	table:qual_str;	value:list;	ff:{0};	def:dummy
sex	table:qual_str;	value:str;	ff:"{0}";	def:dummy
standard_name	table:qual_str;	value:str;	ff:"{0}";	def:dummy
strain	table:qual_str;	value:str;	ff:"{0}";	def:dummy
sub_species	table:qual_str;	value:str;	ff:"{0}";	def:dummy
tissue_type	table:qual_str;	value:str;	ff:"{0}";	def:dummy
translation	table:qual_txt;	value:str;	ff:"{0}";	def:dummy
transl_except	table:qual_str;	value:str:(pos:<location>,aa:<aa>);	ff:{0};	def:dummy
transl_table	table:qual_int;	value:int:1:14;	ff:{0,number, integer};	def:dummy
variety	table:qual_str;	value:str;	ff:"{0}";	def:dummy
ff_definition	table:qual_str;	value:str;	ff:"{0}";	def:dummy
db_xref	table:qual_str;	value:str;	ff:"{0}";	def:dummy
exception	table:qual_str;	value:str;	ff:"{0}";	def:dummy
replace	table:qual_str;	value:str;	ff:"{0}";	def:dummy
allele	table:qual_str;	value:str;	ff:"{0}";	def:dummy
serotype	table:qual_str;	value:str;	ff:"{0}";	def:dummy
focus	table:qual_phi;	value:none;	----	def:dummy
geo_loc_name	table:qual_str;	value:str;	ff:"{0}";	def:dummy
protein_id	table:qual_str;	value:str:BAA00000.0;	ff:"{0}";	def:dummy
specimen_voucher	table:qual_str;	value:str;	ff:"{0}";	def:dummy
organelle	table:qual_str;	value:list;	ff:"{0}";	def:dummy
environmental_sample	table:qual_phi;	value:none;	----	def:dummy
isolation_source	table:qual_str;	value:str;	ff:"{0}";	def:dummy
serovar	table:qual_str;	value:str;	ff:{0};	def:dummy
transgenic	table:qual_phi;	value:none;	----	def:dummy
segment	table:qual_str;	value:str;	ff:"{0}";	def:dummy
locus_tag	table:qual_str;	value:str;	ff:"{0}";	def:dummy
mol_type	table:qual_str;	value:list;	ff:"{0}";	def:dummy
ecotype	table:qual_str;	value:str;	ff:"{0}";	def:dummy
operon	table:qual_str;	value:str;	ff:"{0}";	def:dummy
estimated_length	table:qual_str;	value:str;	ff:{0};	def:dummy
old_locus_tag	table:qual_str;	value:str;	ff:"{0}";	def:dummy
ribosomal_slippage	table:qual_phi;	value:none;	----	def:dummy
trans_splicing	table:qual_phi;	value:none;	----	def:dummy
rpt_unit_range	table:qual_str;	value:str:<range>;	ff:{0};	def:dummy
inference	table:qual_str;	value:str;	ff:"{0}";	def:dummy
experiment	table:qual_str;	value:str;	ff:"{0}";	def:dummy
lat_lon	table:qual_str;	value:str;	ff:"{0}";	def:dummy
collection_date	table:qual_str;	value:str;	ff:"{0}";	def:dummy
collected_by	table:qual_str;	value:str;	ff:"{0}";	def:dummy
PCR_primers	table:qual_str;	value:str;	ff:"{0}";	def:dummy
rpt_unit_seq	table:qual_str;	value:str;	ff:"{0}";	def:dummy
tag_peptide	table:qual_str;	value:str:<range>;	ff:{0};	def:dummy
bio_material	table:qual_str;	value:str;	ff:"{0}";	def:dummy
culture_collection	table:qual_str;	value:str;	ff:"{0}";	def:dummy
ncRNA_class	table:qual_str;	value:str;	ff:"{0}";	def:dummy
gene_synonym	table:qual_str;	value:str;	ff:"{0}";	def:dummy
host	table:qual_str;	value:str;	ff:"{0}";	def:dummy
mating_type	table:qual_str;	value:str;	ff:"{0}";	def:dummy
satellite	table:qual_str;	value:str;	ff:"{0}";	def:dummy
haplogroup	table:qual_str;	value:str;	ff:"{0}";	def:dummy
artificial_location	table:qual_str;	value:str;	ff:"{0}";	def:dummy
mobile_element_type	table:qual_str;	value:str;	ff:"{0}";	def:dummy
gap_type	table:qual_str;	value:list;	ff:"{0}";	def:dummy
linkage_evidence	table:qual_str;	value:list;	ff:"{0}";	def:dummy
pseudogene	table:qual_str;	value:list;	ff:"{0}";	def:dummy
altitude	table:qual_str;	value:str;	ff:"{0}";	def:dummy
type_material	table:qual_str;	value:list;	ff:"{0}";	def:dummy
regulatory_class	table:qual_str;	value:list;	ff:"{0}";	def:dummy
recombination_class	table:qual_str;	value:list;	ff:"{0}";	def:dummy
submitter_seqid	table:qual_str;	value:str;	ff:"{0}";	def:dummy
metagenome_source	table:qual_str;	value:str;	ff:"{0}";	def:dummy
circular_RNA	table:qual_phi;	value:none;	----	def:dummy
