export const snapshot = {};

snapshot[`submission create 1 1`] = `
stdout:
"ID: X-1
URL: http://example.com/web/submissions/X-1
DB: JVar
Created: 2024-01-02 12:04:58
Validation: #1

Objects:
ID    Files       
Excel path/to/file
"
stderr:
""
`;

snapshot[`submission list 1`] = `
stdout:
"ID  DB   Created            
--  --   -------            
X-1 JVar 2024-01-02 12:04:58
X-2 JVar 2024-01-02 12:04:59
"
stderr:
""
`;

snapshot[`submission show X-1 1`] = `
stdout:
"ID: X-1
URL: http://example.com/web/submissions/X-1
DB: JVar
Created: 2024-01-02 12:04:58
Validation: #1

Objects:
ID    Files       
Excel path/to/file
"
stderr:
""
`;

snapshot[`submission get-file X-1 path/to/file 1`] = `
stdout:
"foo
"
stderr:
""
`;
